
R version 4.3.2 (2023-10-31 ucrt) -- "Eye Holes"
Copyright (C) 2023 The R Foundation for Statistical Computing
Platform: x86_64-w64-mingw32/x64 (64-bit)

R is free software and comes with ABSOLUTELY NO WARRANTY.
You are welcome to redistribute it under certain conditions.
Type 'license()' or 'licence()' for distribution details.

  Natural language support but running in an English locale

R is a collaborative project with many contributors.
Type 'contributors()' for more information and
'citation()' on how to cite R or R packages in publications.

Type 'demo()' for some demos, 'help()' for on-line help, or
'help.start()' for an HTML browser interface to help.
Type 'q()' to quit R.

> print("helloworld");
[1] "helloworld"
> add a,b;
Error: unexpected symbol in "add a"
> 10-5
[1] 5
> 10+5
[1] 15
> 20*3
[1] 60
> 20/10
[1] 2
> x  <-  c(9,9,9)
> y  <-  c(1,1,1)
> print(x+y)
[1] 10 10 10
> x <-C(2,5,6)
Error in `contrasts<-`(`*tmp*`, how.many, value = contr) : 
  contrasts can be applied only to factors with 2 or more levels
>  x <-C(2,5,6)
Error in `contrasts<-`(`*tmp*`, how.many, value = contr) : 
  contrasts can be applied only to factors with 2 or more levels
> x <-C(2,5,6)
Error in `contrasts<-`(`*tmp*`, how.many, value = contr) : 
  contrasts can be applied only to factors with 2 or more levels
> a<-readline(prompt="enter the first value")
enter the first value 20
> b<-readline(prompt="enter the second value")
enter the second value 40
> a<-as.integer(a)
> b<-as.integer(b)
> x<-a+b
> print(paste("sum of two numbers are:",sum(x)))
[1] "sum of two numbers are: 60"
> x<-a-b
> print(paste("sum of two numbers are:",sum(x)))
[1] "sum of two numbers are: -20"
> x<-a*b
> print(paste("multiplication of two numbers are:",sum(x)))
[1] "multiplication of two numbers are: 800"
> x<-a/b
> print(paste("division of two numbers are:",sum(x)))
[1] "division of two numbers are: 0.5"
> 
